Archive member included to satisfy reference by file (symbol)

c:/st/stm32cubeide_1.7.0/stm32cubeide/plugins/com.st.stm32cube.ide.mcu.externaltools.gnu-tools-for-stm32.9-2020-q2-update.win32_2.0.0.202105311346/tools/bin/../lib/gcc/arm-none-eabi/9.3.1/../../../../arm-none-eabi/lib/thumb/v7-m/nofp\libc_nano.a(lib_a-errno.o)
                              ./Core/Src/syscalls.o (__errno)
c:/st/stm32cubeide_1.7.0/stm32cubeide/plugins/com.st.stm32cube.ide.mcu.externaltools.gnu-tools-for-stm32.9-2020-q2-update.win32_2.0.0.202105311346/tools/bin/../lib/gcc/arm-none-eabi/9.3.1/../../../../arm-none-eabi/lib/thumb/v7-m/nofp\libc_nano.a(lib_a-exit.o)
                              c:/st/stm32cubeide_1.7.0/stm32cubeide/plugins/com.st.stm32cube.ide.mcu.externaltools.gnu-tools-for-stm32.9-2020-q2-update.win32_2.0.0.202105311346/tools/bin/../lib/gcc/arm-none-eabi/9.3.1/../../../../arm-none-eabi/lib/thumb/v7-m/nofp/crt0.o (exit)
c:/st/stm32cubeide_1.7.0/stm32cubeide/plugins/com.st.stm32cube.ide.mcu.externaltools.gnu-tools-for-stm32.9-2020-q2-update.win32_2.0.0.202105311346/tools/bin/../lib/gcc/arm-none-eabi/9.3.1/../../../../arm-none-eabi/lib/thumb/v7-m/nofp\libc_nano.a(lib_a-impure.o)
                              c:/st/stm32cubeide_1.7.0/stm32cubeide/plugins/com.st.stm32cube.ide.mcu.externaltools.gnu-tools-for-stm32.9-2020-q2-update.win32_2.0.0.202105311346/tools/bin/../lib/gcc/arm-none-eabi/9.3.1/../../../../arm-none-eabi/lib/thumb/v7-m/nofp\libc_nano.a(lib_a-exit.o) (_global_impure_ptr)
c:/st/stm32cubeide_1.7.0/stm32cubeide/plugins/com.st.stm32cube.ide.mcu.externaltools.gnu-tools-for-stm32.9-2020-q2-update.win32_2.0.0.202105311346/tools/bin/../lib/gcc/arm-none-eabi/9.3.1/../../../../arm-none-eabi/lib/thumb/v7-m/nofp\libc_nano.a(lib_a-init.o)
                              c:/st/stm32cubeide_1.7.0/stm32cubeide/plugins/com.st.stm32cube.ide.mcu.externaltools.gnu-tools-for-stm32.9-2020-q2-update.win32_2.0.0.202105311346/tools/bin/../lib/gcc/arm-none-eabi/9.3.1/../../../../arm-none-eabi/lib/thumb/v7-m/nofp/crt0.o (__libc_init_array)
c:/st/stm32cubeide_1.7.0/stm32cubeide/plugins/com.st.stm32cube.ide.mcu.externaltools.gnu-tools-for-stm32.9-2020-q2-update.win32_2.0.0.202105311346/tools/bin/../lib/gcc/arm-none-eabi/9.3.1/../../../../arm-none-eabi/lib/thumb/v7-m/nofp\libc_nano.a(lib_a-memset.o)
                              c:/st/stm32cubeide_1.7.0/stm32cubeide/plugins/com.st.stm32cube.ide.mcu.externaltools.gnu-tools-for-stm32.9-2020-q2-update.win32_2.0.0.202105311346/tools/bin/../lib/gcc/arm-none-eabi/9.3.1/../../../../arm-none-eabi/lib/thumb/v7-m/nofp/crt0.o (memset)

Allocating common symbols
Common symbol       size              file

flagForButtonPress3s
                    0x3               ./Core/Src/input_reading.o
uwTick              0x4               ./Drivers/STM32F1xx_HAL_Driver/Src/stm32f1xx_hal.o
pFlash              0x20              ./Drivers/STM32F1xx_HAL_Driver/Src/stm32f1xx_hal_flash.o
button_flag         0xc               ./Core/Src/input_reading.o
htim2               0x48              ./Core/Src/main.o
counterForButtonPress3s
                    0x6               ./Core/Src/input_reading.o

Discarded input sections

 .text          0x0000000000000000        0x0 c:/st/stm32cubeide_1.7.0/stm32cubeide/plugins/com.st.stm32cube.ide.mcu.externaltools.gnu-tools-for-stm32.9-2020-q2-update.win32_2.0.0.202105311346/tools/bin/../lib/gcc/arm-none-eabi/9.3.1/thumb/v7-m/nofp/crti.o
 .data          0x0000000000000000        0x0 c:/st/stm32cubeide_1.7.0/stm32cubeide/plugins/com.st.stm32cube.ide.mcu.externaltools.gnu-tools-for-stm32.9-2020-q2-update.win32_2.0.0.202105311346/tools/bin/../lib/gcc/arm-none-eabi/9.3.1/thumb/v7-m/nofp/crti.o
 .bss           0x0000000000000000        0x0 c:/st/stm32cubeide_1.7.0/stm32cubeide/plugins/com.st.stm32cube.ide.mcu.externaltools.gnu-tools-for-stm32.9-2020-q2-update.win32_2.0.0.202105311346/tools/bin/../lib/gcc/arm-none-eabi/9.3.1/thumb/v7-m/nofp/crti.o
 .data          0x0000000000000000        0x4 c:/st/stm32cubeide_1.7.0/stm32cubeide/plugins/com.st.stm32cube.ide.mcu.externaltools.gnu-tools-for-stm32.9-2020-q2-update.win32_2.0.0.202105311346/tools/bin/../lib/gcc/arm-none-eabi/9.3.1/thumb/v7-m/nofp/crtbegin.o
 .text          0x0000000000000000       0x7c c:/st/stm32cubeide_1.7.0/stm32cubeide/plugins/com.st.stm32cube.ide.mcu.externaltools.gnu-tools-for-stm32.9-2020-q2-update.win32_2.0.0.202105311346/tools/bin/../lib/gcc/arm-none-eabi/9.3.1/../../../../arm-none-eabi/lib/thumb/v7-m/nofp/crt0.o
 .data          0x0000000000000000        0x0 c:/st/stm32cubeide_1.7.0/stm32cubeide/plugins/com.st.stm32cube.ide.mcu.externaltools.gnu-tools-for-stm32.9-2020-q2-update.win32_2.0.0.202105311346/tools/bin/../lib/gcc/arm-none-eabi/9.3.1/../../../../arm-none-eabi/lib/thumb/v7-m/nofp/crt0.o
[...]
Memory Configuration

Name             Origin             Length             Attributes
RAM              0x0000000020000000 0x0000000000002800 xrw
FLASH            0x0000000008000000 0x0000000000008000 xr
*default*        0x0000000000000000 0xffffffffffffffff

Linker script and memory map

LOAD c:/st/stm32cubeide_1.7.0/stm32cubeide/plugins/com.st.stm32cube.ide.mcu.externaltools.gnu-tools-for-stm32.9-2020-q2-update.win32_2.0.0.202105311346/tools/bin/../lib/gcc/arm-none-eabi/9.3.1/thumb/v7-m/nofp/crti.o
LOAD c:/st/stm32cubeide_1.7.0/stm32cubeide/plugins/com.st.stm32cube.ide.mcu.externaltools.gnu-tools-for-stm32.9-2020-q2-update.win32_2.0.0.202105311346/tools/bin/../lib/gcc/arm-none-eabi/9.3.1/thumb/v7-m/nofp/crtbegin.o
LOAD c:/st/stm32cubeide_1.7.0/stm32cubeide/plugins/com.st.stm32cube.ide.mcu.externaltools.gnu-tools-for-stm32.9-2020-q2-update.win32_2.0.0.202105311346/tools/bin/../lib/gcc/arm-none-eabi/9.3.1/../../../../arm-none-eabi/lib/thumb/v7-m/nofp/crt0.o
LOAD ./Core/Src/fsm_automatic.o
LOAD ./Core/Src/fsm_manual.o
LOAD ./Core/Src/input_reading.o
LOAD ./Core/Src/led_segment.o
LOAD ./Core/Src/main.o
LOAD ./Core/Src/software_timer.o
LOAD ./Core/Src/stm32f1xx_hal_msp.o
LOAD ./Core/Src/stm32f1xx_it.o
LOAD ./Core/Src/syscalls.o
LOAD ./Core/Src/sysmem.o
LOAD ./Core/Src/system_stm32f1xx.o
LOAD ./Core/Startup/startup_stm32f103c6ux.o
LOAD ./Drivers/STM32F1xx_HAL_Driver/Src/stm32f1xx_hal.o
LOAD ./Drivers/STM32F1xx_HAL_Driver/Src/stm32f1xx_hal_cortex.o
LOAD ./Drivers/STM32F1xx_HAL_Driver/Src/stm32f1xx_hal_dma.o
LOAD ./Drivers/STM32F1xx_HAL_Driver/Src/stm32f1xx_hal_exti.o
LOAD ./Drivers/STM32F1xx_HAL_Driver/Src/stm32f1xx_hal_flash.o
LOAD ./Drivers/STM32F1xx_HAL_Driver/Src/stm32f1xx_hal_flash_ex.o
LOAD ./Drivers/STM32F1xx_HAL_Driver/Src/stm32f1xx_hal_gpio.o
LOAD ./Drivers/STM32F1xx_HAL_Driver/Src/stm32f1xx_hal_gpio_ex.o
LOAD ./Drivers/STM32F1xx_HAL_Driver/Src/stm32f1xx_hal_pwr.o
LOAD ./Drivers/STM32F1xx_HAL_Driver/Src/stm32f1xx_hal_rcc.o
LOAD ./Drivers/STM32F1xx_HAL_Driver/Src/stm32f1xx_hal_rcc_ex.o
LOAD ./Drivers/STM32F1xx_HAL_Driver/Src/stm32f1xx_hal_tim.o
LOAD ./Drivers/STM32F1xx_HAL_Driver/Src/stm32f1xx_hal_tim_ex.o
START GROUP
LOAD c:/st/stm32cubeide_1.7.0/stm32cubeide/plugins/com.st.stm32cube.ide.mcu.externaltools.gnu-tools-for-stm32.9-2020-q2-update.win32_2.0.0.202105311346/tools/bin/../lib/gcc/arm-none-eabi/9.3.1/../../../../arm-none-eabi/lib/thumb/v7-m/nofp\libc_nano.a
LOAD c:/st/stm32cubeide_1.7.0/stm32cubeide/plugins/com.st.stm32cube.ide.mcu.externaltools.gnu-tools-for-stm32.9-2020-q2-update.win32_2.0.0.202105311346/tools/bin/../lib/gcc/arm-none-eabi/9.3.1/../../../../arm-none-eabi/lib/thumb/v7-m/nofp\libm.a
END GROUP
START GROUP
LOAD c:/st/stm32cubeide_1.7.0/stm32cubeide/plugins/com.st.stm32cube.ide.mcu.externaltools.gnu-tools-for-stm32.9-2020-q2-update.win32_2.0.0.202105311346/tools/bin/../lib/gcc/arm-none-eabi/9.3.1/thumb/v7-m/nofp\libgcc.a
LOAD c:/st/stm32cubeide_1.7.0/stm32cubeide/plugins/com.st.stm32cube.ide.mcu.externaltools.gnu-tools-for-stm32.9-2020-q2-update.win32_2.0.0.202105311346/tools/bin/../lib/gcc/arm-none-eabi/9.3.1/../../../../arm-none-eabi/lib/thumb/v7-m/nofp\libc_nano.a
END GROUP
START GROUP
LOAD c:/st/stm32cubeide_1.7.0/stm32cubeide/plugins/com.st.stm32cube.ide.mcu.externaltools.gnu-tools-for-stm32.9-2020-q2-update.win32_2.0.0.202105311346/tools/bin/../lib/gcc/arm-none-eabi/9.3.1/thumb/v7-m/nofp\libgcc.a
LOAD c:/st/stm32cubeide_1.7.0/stm32cubeide/plugins/com.st.stm32cube.ide.mcu.externaltools.gnu-tools-for-stm32.9-2020-q2-update.win32_2.0.0.202105311346/tools/bin/../lib/gcc/arm-none-eabi/9.3.1/../../../../arm-none-eabi/lib/thumb/v7-m/nofp\libc_nano.a
LOAD c:/st/stm32cubeide_1.7.0/stm32cubeide/plugins/com.st.stm32cube.ide.mcu.externaltools.gnu-tools-for-stm32.9-2020-q2-update.win32_2.0.0.202105311346/tools/bin/../lib/gcc/arm-none-eabi/9.3.1/../../../../arm-none-eabi/lib/thumb/v7-m/nofp\libnosys.a
END GROUP
START GROUP
LOAD c:/st/stm32cubeide_1.7.0/stm32cubeide/plugins/com.st.stm32cube.ide.mcu.externaltools.gnu-tools-for-stm32.9-2020-q2-update.win32_2.0.0.202105311346/tools/bin/../lib/gcc/arm-none-eabi/9.3.1/thumb/v7-m/nofp\libgcc.a
LOAD c:/st/stm32cubeide_1.7.0/stm32cubeide/plugins/com.st.stm32cube.ide.mcu.externaltools.gnu-tools-for-stm32.9-2020-q2-update.win32_2.0.0.202105311346/tools/bin/../lib/gcc/arm-none-eabi/9.3.1/../../../../arm-none-eabi/lib/thumb/v7-m/nofp\libc_nano.a
LOAD c:/st/stm32cubeide_1.7.0/stm32cubeide/plugins/com.st.stm32cube.ide.mcu.externaltools.gnu-tools-for-stm32.9-2020-q2-update.win32_2.0.0.202105311346/tools/bin/../lib/gcc/arm-none-eabi/9.3.1/../../../../arm-none-eabi/lib/thumb/v7-m/nofp\libnosys.a
END GROUP
LOAD c:/st/stm32cubeide_1.7.0/stm32cubeide/plugins/com.st.stm32cube.ide.mcu.externaltools.gnu-tools-for-stm32.9-2020-q2-update.win32_2.0.0.202105311346/tools/bin/../lib/gcc/arm-none-eabi/9.3.1/thumb/v7-m/nofp/crtend.o
LOAD c:/st/stm32cubeide_1.7.0/stm32cubeide/plugins/com.st.stm32cube.ide.mcu.externaltools.gnu-tools-for-stm32.9-2020-q2-update.win32_2.0.0.202105311346/tools/bin/../lib/gcc/arm-none-eabi/9.3.1/thumb/v7-m/nofp/crtn.o
                0x0000000020002800                _estack = (ORIGIN (RAM) + LENGTH (RAM))
                0x0000000000000200                _Min_Heap_Size = 0x200
                0x0000000000000400                _Min_Stack_Size = 0x400

.isr_vector     0x0000000008000000      0x10c
                0x0000000008000000                . = ALIGN (0x4)
 *(.isr_vector)
 .isr_vector    0x0000000008000000      0x10c ./Core/Startup/startup_stm32f103c6ux.o
                0x0000000008000000                g_pfnVectors
                0x000000000800010c                . = ALIGN (0x4)

.text           0x000000000800010c     0x2610
                0x000000000800010c                . = ALIGN (0x4)
 *(.text)
 .text          0x000000000800010c       0x40 c:/st/stm32cubeide_1.7.0/stm32cubeide/plugins/com.st.stm32cube.ide.mcu.externaltools.gnu-tools-for-stm32.9-2020-q2-update.win32_2.0.0.202105311346/tools/bin/../lib/gcc/arm-none-eabi/9.3.1/thumb/v7-m/nofp/crtbegin.o
 *(.text*)
 .text.update_SEG_buffer
                0x000000000800014c       0x78 ./Core/Src/fsm_automatic.o
                0x000000000800014c                update_SEG_buffer
 .text.switchSEG
                0x00000000080001c4       0x98 ./Core/Src/fsm_automatic.o
                0x00000000080001c4                switchSEG
 .text.fsm_automatic_run
                0x000000000800025c      0x2d8 ./Core/Src/fsm_automatic.o
                0x000000000800025c                fsm_automatic_run
 .text.impl_INC_Button
                0x0000000008000534       0xf4 ./Core/Src/fsm_manual.o
                0x0000000008000534                impl_INC_Button
 .text.impl_MODE_Button
                0x0000000008000628       0xf0 ./Core/Src/fsm_manual.o
                0x0000000008000628                impl_MODE_Button
 .text.impl_SET_Button
                0x0000000008000718       0x5c ./Core/Src/fsm_manual.o
                0x0000000008000718                impl_SET_Button
 .text.fsm_manual
                0x0000000008000774      0x1f4 ./Core/Src/fsm_manual.o
                0x0000000008000774                fsm_manual
 .text.check_button_flag
                0x0000000008000968       0x34 ./Core/Src/input_reading.o
                0x0000000008000968                check_button_flag
 .text.button_reading
                0x000000000800099c      0x150 ./Core/Src/input_reading.o
                0x000000000800099c                button_reading
 .text.display_1st_7SEG
                0x0000000008000aec       0x64 ./Core/Src/led_segment.o
                0x0000000008000aec                display_1st_7SEG
 .text.display_2nd_7SEG
                0x0000000008000b50       0x68 ./Core/Src/led_segment.o
                0x0000000008000b50                display_2nd_7SEG
 .text.display_both_7SEG
                0x0000000008000bb8       0x1e ./Core/Src/led_segment.o
                0x0000000008000bb8                display_both_7SEG
 *fill*         0x0000000008000bd6        0x2 
 .text.main     0x0000000008000bd8       0x28 ./Core/Src/main.o
                0x0000000008000bd8                main
 .text.SystemClock_Config
                0x0000000008000c00       0x76 ./Core/Src/main.o
                0x0000000008000c00                SystemClock_Config
 *fill*         0x0000000008000c76        0x2 
 .text.MX_TIM2_Init
                0x0000000008000c78       0x98 ./Core/Src/main.o
 .text.MX_GPIO_Init
                0x0000000008000d10       0xc8 ./Core/Src/main.o
 .text.HAL_TIM_PeriodElapsedCallback
                0x0000000008000dd8       0x18 ./Core/Src/main.o
                0x0000000008000dd8                HAL_TIM_PeriodElapsedCallback
 .text.Error_Handler
                0x0000000008000df0        0xa ./Core/Src/main.o
                0x0000000008000df0                Error_Handler
 *fill*         0x0000000008000dfa        0x2 
 .text.setBlink2sTimer
                0x0000000008000dfc       0x28 ./Core/Src/software_timer.o
                0x0000000008000dfc                setBlink2sTimer
 .text.setTimer
                0x0000000008000e24       0x28 ./Core/Src/software_timer.o
                0x0000000008000e24                setTimer
 .text.setSEGTimer
                0x0000000008000e4c       0x28 ./Core/Src/software_timer.o
                0x0000000008000e4c                setSEGTimer
 .text.setPressTimer
                0x0000000008000e74       0x28 ./Core/Src/software_timer.o
                0x0000000008000e74                setPressTimer
 .text.timerRun
                0x0000000008000e9c       0xac ./Core/Src/software_timer.o
                0x0000000008000e9c                timerRun
 .text.HAL_MspInit
                0x0000000008000f48       0x64 ./Core/Src/stm32f1xx_hal_msp.o
                0x0000000008000f48                HAL_MspInit
 .text.HAL_TIM_Base_MspInit
                0x0000000008000fac       0x48 ./Core/Src/stm32f1xx_hal_msp.o
                0x0000000008000fac                HAL_TIM_Base_MspInit
 .text.NMI_Handler
                0x0000000008000ff4        0x6 ./Core/Src/stm32f1xx_it.o
                0x0000000008000ff4                NMI_Handler
 .text.HardFault_Handler
                0x0000000008000ffa        0x6 ./Core/Src/stm32f1xx_it.o
                0x0000000008000ffa                HardFault_Handler
 .text.MemManage_Handler
                0x0000000008001000        0x6 ./Core/Src/stm32f1xx_it.o
                0x0000000008001000                MemManage_Handler
 .text.BusFault_Handler
                0x0000000008001006        0x6 ./Core/Src/stm32f1xx_it.o
                0x0000000008001006                BusFault_Handler
 .text.UsageFault_Handler
                0x000000000800100c        0x6 ./Core/Src/stm32f1xx_it.o
                0x000000000800100c                UsageFault_Handler
 .text.SVC_Handler
                0x0000000008001012        0xc ./Core/Src/stm32f1xx_it.o
                0x0000000008001012                SVC_Handler
 .text.DebugMon_Handler
                0x000000000800101e        0xc ./Core/Src/stm32f1xx_it.o
                0x000000000800101e                DebugMon_Handler
 .text.PendSV_Handler
                0x000000000800102a        0xc ./Core/Src/stm32f1xx_it.o
                0x000000000800102a                PendSV_Handler
 .text.SysTick_Handler
                0x0000000008001036        0xc ./Core/Src/stm32f1xx_it.o
                0x0000000008001036                SysTick_Handler
 *fill*         0x0000000008001042        0x2 
 .text.TIM2_IRQHandler
                0x0000000008001044       0x14 ./Core/Src/stm32f1xx_it.o
                0x0000000008001044                TIM2_IRQHandler
 .text.SystemInit
                0x0000000008001058        0xc ./Core/Src/system_stm32f1xx.o
                0x0000000008001058                SystemInit
 .text.Reset_Handler
                0x0000000008001064       0x48 ./Core/Startup/startup_stm32f103c6ux.o
                0x0000000008001064                Reset_Handler
 .text.Default_Handler
                0x00000000080010ac        0x2 ./Core/Startup/startup_stm32f103c6ux.o
                0x00000000080010ac                RTC_Alarm_IRQHandler
                0x00000000080010ac                EXTI2_IRQHandler
                0x00000000080010ac                TIM1_CC_IRQHandler
                0x00000000080010ac                PVD_IRQHandler
                0x00000000080010ac                EXTI3_IRQHandler
                0x00000000080010ac                EXTI0_IRQHandler
                0x00000000080010ac                ADC1_2_IRQHandler
                0x00000000080010ac                SPI1_IRQHandler
                0x00000000080010ac                TAMPER_IRQHandler
                0x00000000080010ac                DMA1_Channel4_IRQHandler
                0x00000000080010ac                RTC_IRQHandler
                0x00000000080010ac                DMA1_Channel7_IRQHandler
                0x00000000080010ac                CAN1_RX1_IRQHandler
                0x00000000080010ac                I2C1_EV_IRQHandler
                0x00000000080010ac                DMA1_Channel6_IRQHandler
                0x00000000080010ac                TIM3_IRQHandler
                0x00000000080010ac                RCC_IRQHandler
                0x00000000080010ac                TIM1_TRG_COM_IRQHandler
                0x00000000080010ac                DMA1_Channel1_IRQHandler
                0x00000000080010ac                Default_Handler
                0x00000000080010ac                EXTI15_10_IRQHandler
                0x00000000080010ac                EXTI9_5_IRQHandler
                0x00000000080010ac                DMA1_Channel5_IRQHandler
                0x00000000080010ac                EXTI4_IRQHandler
                0x00000000080010ac                USB_LP_CAN1_RX0_IRQHandler
                0x00000000080010ac                USB_HP_CAN1_TX_IRQHandler
                0x00000000080010ac                DMA1_Channel3_IRQHandler
                0x00000000080010ac                TIM1_UP_IRQHandler
                0x00000000080010ac                WWDG_IRQHandler
                0x00000000080010ac                TIM1_BRK_IRQHandler
                0x00000000080010ac                EXTI1_IRQHandler
                0x00000000080010ac                USART2_IRQHandler
                0x00000000080010ac                DMA1_Channel2_IRQHandler
                0x00000000080010ac                CAN1_SCE_IRQHandler
                0x00000000080010ac                FLASH_IRQHandler
                0x00000000080010ac                USART1_IRQHandler
                0x00000000080010ac                I2C1_ER_IRQHandler
                0x00000000080010ac                USBWakeUp_IRQHandler
 *fill*         0x00000000080010ae        0x2 
 .text.HAL_Init
                0x00000000080010b0       0x2c ./Drivers/STM32F1xx_HAL_Driver/Src/stm32f1xx_hal.o
                0x00000000080010b0                HAL_Init
 .text.HAL_InitTick
                0x00000000080010dc       0x60 ./Drivers/STM32F1xx_HAL_Driver/Src/stm32f1xx_hal.o
                0x00000000080010dc                HAL_InitTick
 .text.HAL_IncTick
                0x000000000800113c       0x24 ./Drivers/STM32F1xx_HAL_Driver/Src/stm32f1xx_hal.o
                0x000000000800113c                HAL_IncTick
 .text.HAL_GetTick
                0x0000000008001160       0x14 ./Drivers/STM32F1xx_HAL_Driver/Src/stm32f1xx_hal.o
                0x0000000008001160                HAL_GetTick
 .text.__NVIC_SetPriorityGrouping
                0x0000000008001174       0x48 ./Drivers/STM32F1xx_HAL_Driver/Src/stm32f1xx_hal_cortex.o
 .text.__NVIC_GetPriorityGrouping
                0x00000000080011bc       0x1c ./Drivers/STM32F1xx_HAL_Driver/Src/stm32f1xx_hal_cortex.o
 .text.__NVIC_EnableIRQ
                0x00000000080011d8       0x38 ./Drivers/STM32F1xx_HAL_Driver/Src/stm32f1xx_hal_cortex.o
 .text.__NVIC_SetPriority
                0x0000000008001210       0x54 ./Drivers/STM32F1xx_HAL_Driver/Src/stm32f1xx_hal_cortex.o
 .text.NVIC_EncodePriority
                0x0000000008001264       0x64 ./Drivers/STM32F1xx_HAL_Driver/Src/stm32f1xx_hal_cortex.o
 .text.SysTick_Config
                0x00000000080012c8       0x44 ./Drivers/STM32F1xx_HAL_Driver/Src/stm32f1xx_hal_cortex.o
 .text.HAL_NVIC_SetPriorityGrouping
                0x000000000800130c       0x16 ./Drivers/STM32F1xx_HAL_Driver/Src/stm32f1xx_hal_cortex.o
                0x000000000800130c                HAL_NVIC_SetPriorityGrouping
 .text.HAL_NVIC_SetPriority
                0x0000000008001322       0x38 ./Drivers/STM32F1xx_HAL_Driver/Src/stm32f1xx_hal_cortex.o
                0x0000000008001322                HAL_NVIC_SetPriority
 .text.HAL_NVIC_EnableIRQ
                0x000000000800135a       0x1c ./Drivers/STM32F1xx_HAL_Driver/Src/stm32f1xx_hal_cortex.o
                0x000000000800135a                HAL_NVIC_EnableIRQ
 .text.HAL_SYSTICK_Config
                0x0000000008001376       0x18 ./Drivers/STM32F1xx_HAL_Driver/Src/stm32f1xx_hal_cortex.o
                0x0000000008001376                HAL_SYSTICK_Config
 *fill*         0x000000000800138e        0x2 
 .text.HAL_GPIO_Init
                0x0000000008001390      0x2f4 ./Drivers/STM32F1xx_HAL_Driver/Src/stm32f1xx_hal_gpio.o
                0x0000000008001390                HAL_GPIO_Init
 .text.HAL_GPIO_ReadPin
                0x0000000008001684       0x2e ./Drivers/STM32F1xx_HAL_Driver/Src/stm32f1xx_hal_gpio.o
                0x0000000008001684                HAL_GPIO_ReadPin
 .text.HAL_GPIO_WritePin
                0x00000000080016b2       0x30 ./Drivers/STM32F1xx_HAL_Driver/Src/stm32f1xx_hal_gpio.o
                0x00000000080016b2                HAL_GPIO_WritePin
 .text.HAL_GPIO_TogglePin
                0x00000000080016e2       0x32 ./Drivers/STM32F1xx_HAL_Driver/Src/stm32f1xx_hal_gpio.o
                0x00000000080016e2                HAL_GPIO_TogglePin
 .text.HAL_RCC_OscConfig
                0x0000000008001714      0x500 ./Drivers/STM32F1xx_HAL_Driver/Src/stm32f1xx_hal_rcc.o
                0x0000000008001714                HAL_RCC_OscConfig
 .text.HAL_RCC_ClockConfig
                0x0000000008001c14      0x1d4 ./Drivers/STM32F1xx_HAL_Driver/Src/stm32f1xx_hal_rcc.o
                0x0000000008001c14                HAL_RCC_ClockConfig
 .text.HAL_RCC_GetSysClockFreq
                0x0000000008001de8       0xc0 ./Drivers/STM32F1xx_HAL_Driver/Src/stm32f1xx_hal_rcc.o
                0x0000000008001de8                HAL_RCC_GetSysClockFreq
 .text.RCC_Delay
                0x0000000008001ea8       0x3c ./Drivers/STM32F1xx_HAL_Driver/Src/stm32f1xx_hal_rcc.o
 .text.HAL_TIM_Base_Init
                0x0000000008001ee4       0x9e ./Drivers/STM32F1xx_HAL_Driver/Src/stm32f1xx_hal_tim.o
                0x0000000008001ee4                HAL_TIM_Base_Init
 *fill*         0x0000000008001f82        0x2 
 .text.HAL_TIM_Base_Start_IT
                0x0000000008001f84       0x98 ./Drivers/STM32F1xx_HAL_Driver/Src/stm32f1xx_hal_tim.o
                0x0000000008001f84                HAL_TIM_Base_Start_IT
 .text.HAL_TIM_IRQHandler
                0x000000000800201c      0x210 ./Drivers/STM32F1xx_HAL_Driver/Src/stm32f1xx_hal_tim.o
                0x000000000800201c                HAL_TIM_IRQHandler
 .text.HAL_TIM_ConfigClockSource
                0x000000000800222c      0x188 ./Drivers/STM32F1xx_HAL_Driver/Src/stm32f1xx_hal_tim.o
                0x000000000800222c                HAL_TIM_ConfigClockSource
 .text.HAL_TIM_OC_DelayElapsedCallback
                0x00000000080023b4       0x12 ./Drivers/STM32F1xx_HAL_Driver/Src/stm32f1xx_hal_tim.o
                0x00000000080023b4                HAL_TIM_OC_DelayElapsedCallback
 .text.HAL_TIM_IC_CaptureCallback
                0x00000000080023c6       0x12 ./Drivers/STM32F1xx_HAL_Driver/Src/stm32f1xx_hal_tim.o
                0x00000000080023c6                HAL_TIM_IC_CaptureCallback
 .text.HAL_TIM_PWM_PulseFinishedCallback
                0x00000000080023d8       0x12 ./Drivers/STM32F1xx_HAL_Driver/Src/stm32f1xx_hal_tim.o
                0x00000000080023d8                HAL_TIM_PWM_PulseFinishedCallback
 .text.HAL_TIM_TriggerCallback
                0x00000000080023ea       0x12 ./Drivers/STM32F1xx_HAL_Driver/Src/stm32f1xx_hal_tim.o
                0x00000000080023ea                HAL_TIM_TriggerCallback
 .text.TIM_Base_SetConfig
                0x00000000080023fc       0xb0 ./Drivers/STM32F1xx_HAL_Driver/Src/stm32f1xx_hal_tim.o
                0x00000000080023fc                TIM_Base_SetConfig
 .text.TIM_TI1_ConfigInputStage
                0x00000000080024ac       0x5c ./Drivers/STM32F1xx_HAL_Driver/Src/stm32f1xx_hal_tim.o
 .text.TIM_TI2_ConfigInputStage
                0x0000000008002508       0x5e ./Drivers/STM32F1xx_HAL_Driver/Src/stm32f1xx_hal_tim.o
 .text.TIM_ITRx_SetConfig
                0x0000000008002566       0x34 ./Drivers/STM32F1xx_HAL_Driver/Src/stm32f1xx_hal_tim.o
 .text.TIM_ETR_SetConfig
                0x000000000800259a       0x3e ./Drivers/STM32F1xx_HAL_Driver/Src/stm32f1xx_hal_tim.o
                0x000000000800259a                TIM_ETR_SetConfig
 .text.HAL_TIMEx_MasterConfigSynchronization
                0x00000000080025d8       0xb0 ./Drivers/STM32F1xx_HAL_Driver/Src/stm32f1xx_hal_tim_ex.o
                0x00000000080025d8                HAL_TIMEx_MasterConfigSynchronization
 .text.HAL_TIMEx_CommutCallback
                0x0000000008002688       0x12 ./Drivers/STM32F1xx_HAL_Driver/Src/stm32f1xx_hal_tim_ex.o
                0x0000000008002688                HAL_TIMEx_CommutCallback
 .text.HAL_TIMEx_BreakCallback
                0x000000000800269a       0x12 ./Drivers/STM32F1xx_HAL_Driver/Src/stm32f1xx_hal_tim_ex.o
                0x000000000800269a                HAL_TIMEx_BreakCallback
 .text.__libc_init_array
                0x00000000080026ac       0x48 c:/st/stm32cubeide_1.7.0/stm32cubeide/plugins/com.st.stm32cube.ide.mcu.externaltools.gnu-tools-for-stm32.9-2020-q2-update.win32_2.0.0.202105311346/tools/bin/../lib/gcc/arm-none-eabi/9.3.1/../../../../arm-none-eabi/lib/thumb/v7-m/nofp\libc_nano.a(lib_a-init.o)
                0x00000000080026ac                __libc_init_array
 .text.memset   0x00000000080026f4       0x10 c:/st/stm32cubeide_1.7.0/stm32cubeide/plugins/com.st.stm32cube.ide.mcu.externaltools.gnu-tools-for-stm32.9-2020-q2-update.win32_2.0.0.202105311346/tools/bin/../lib/gcc/arm-none-eabi/9.3.1/../../../../arm-none-eabi/lib/thumb/v7-m/nofp\libc_nano.a(lib_a-memset.o)
                0x00000000080026f4                memset
 *(.glue_7)
 .glue_7        0x0000000008002704        0x0 linker stubs
 *(.glue_7t)
 .glue_7t       0x0000000008002704        0x0 linker stubs
 *(.eh_frame)
 .eh_frame      0x0000000008002704        0x0 c:/st/stm32cubeide_1.7.0/stm32cubeide/plugins/com.st.stm32cube.ide.mcu.externaltools.gnu-tools-for-stm32.9-2020-q2-update.win32_2.0.0.202105311346/tools/bin/../lib/gcc/arm-none-eabi/9.3.1/thumb/v7-m/nofp/crtbegin.o
 *(.init)
 .init          0x0000000008002704        0x4 c:/st/stm32cubeide_1.7.0/stm32cubeide/plugins/com.st.stm32cube.ide.mcu.externaltools.gnu-tools-for-stm32.9-2020-q2-update.win32_2.0.0.202105311346/tools/bin/../lib/gcc/arm-none-eabi/9.3.1/thumb/v7-m/nofp/crti.o
                0x0000000008002704                _init
 .init          0x0000000008002708        0x8 c:/st/stm32cubeide_1.7.0/stm32cubeide/plugins/com.st.stm32cube.ide.mcu.externaltools.gnu-tools-for-stm32.9-2020-q2-update.win32_2.0.0.202105311346/tools/bin/../lib/gcc/arm-none-eabi/9.3.1/thumb/v7-m/nofp/crtn.o
 *(.fini)
 .fini          0x0000000008002710        0x4 c:/st/stm32cubeide_1.7.0/stm32cubeide/plugins/com.st.stm32cube.ide.mcu.externaltools.gnu-tools-for-stm32.9-2020-q2-update.win32_2.0.0.202105311346/tools/bin/../lib/gcc/arm-none-eabi/9.3.1/thumb/v7-m/nofp/crti.o
                0x0000000008002710                _fini
 .fini          0x0000000008002714        0x8 c:/st/stm32cubeide_1.7.0/stm32cubeide/plugins/com.st.stm32cube.ide.mcu.externaltools.gnu-tools-for-stm32.9-2020-q2-update.win32_2.0.0.202105311346/tools/bin/../lib/gcc/arm-none-eabi/9.3.1/thumb/v7-m/nofp/crtn.o
                0x000000000800271c                . = ALIGN (0x4)
                0x000000000800271c                _etext = .

.vfp11_veneer   0x000000000800271c        0x0
 .vfp11_veneer  0x000000000800271c        0x0 linker stubs

.v4_bx          0x000000000800271c        0x0
 .v4_bx         0x000000000800271c        0x0 linker stubs

.iplt           0x000000000800271c        0x0
 .iplt          0x000000000800271c        0x0 c:/st/stm32cubeide_1.7.0/stm32cubeide/plugins/com.st.stm32cube.ide.mcu.externaltools.gnu-tools-for-stm32.9-2020-q2-update.win32_2.0.0.202105311346/tools/bin/../lib/gcc/arm-none-eabi/9.3.1/thumb/v7-m/nofp/crtbegin.o

.rodata         0x000000000800271c       0x2c
                0x000000000800271c                . = ALIGN (0x4)
 *(.rodata)
 .rodata        0x000000000800271c        0xa ./Core/Src/led_segment.o
 *fill*         0x0000000008002726        0x2 
 .rodata        0x0000000008002728       0x10 ./Drivers/STM32F1xx_HAL_Driver/Src/stm32f1xx_hal_rcc.o
 *(.rodata*)
 .rodata.AHBPrescTable
                0x0000000008002738       0x10 ./Core/Src/system_stm32f1xx.o
                0x0000000008002738                AHBPrescTable
                0x0000000008002748                . = ALIGN (0x4)

.rel.dyn        0x0000000008002748        0x0
 .rel.iplt      0x0000000008002748        0x0 c:/st/stm32cubeide_1.7.0/stm32cubeide/plugins/com.st.stm32cube.ide.mcu.externaltools.gnu-tools-for-stm32.9-2020-q2-update.win32_2.0.0.202105311346/tools/bin/../lib/gcc/arm-none-eabi/9.3.1/thumb/v7-m/nofp/crtbegin.o

.ARM.extab      0x0000000008002748        0x0
                0x0000000008002748                . = ALIGN (0x4)
 *(.ARM.extab* .gnu.linkonce.armextab.*)
                0x0000000008002748                . = ALIGN (0x4)

.ARM            0x0000000008002748        0x0
                0x0000000008002748                . = ALIGN (0x4)
                0x0000000008002748                __exidx_start = .
 *(.ARM.exidx*)
                0x0000000008002748                __exidx_end = .
                0x0000000008002748                . = ALIGN (0x4)

.preinit_array  0x0000000008002748        0x0
                0x0000000008002748                . = ALIGN (0x4)
                0x0000000008002748                PROVIDE (__preinit_array_start = .)
 *(.preinit_array*)
                0x0000000008002748                PROVIDE (__preinit_array_end = .)
                0x0000000008002748                . = ALIGN (0x4)

.init_array     0x0000000008002748        0x4
                0x0000000008002748                . = ALIGN (0x4)
                0x0000000008002748                PROVIDE (__init_array_start = .)
 *(SORT_BY_NAME(.init_array.*))
 *(.init_array*)
 .init_array    0x0000000008002748        0x4 c:/st/stm32cubeide_1.7.0/stm32cubeide/plugins/com.st.stm32cube.ide.mcu.externaltools.gnu-tools-for-stm32.9-2020-q2-update.win32_2.0.0.202105311346/tools/bin/../lib/gcc/arm-none-eabi/9.3.1/thumb/v7-m/nofp/crtbegin.o
                0x000000000800274c                PROVIDE (__init_array_end = .)
                0x000000000800274c                . = ALIGN (0x4)

.fini_array     0x000000000800274c        0x4
                0x000000000800274c                . = ALIGN (0x4)
                [!provide]                        PROVIDE (__fini_array_start = .)
 *(SORT_BY_NAME(.fini_array.*))
 *(.fini_array*)
 .fini_array    0x000000000800274c        0x4 c:/st/stm32cubeide_1.7.0/stm32cubeide/plugins/com.st.stm32cube.ide.mcu.externaltools.gnu-tools-for-stm32.9-2020-q2-update.win32_2.0.0.202105311346/tools/bin/../lib/gcc/arm-none-eabi/9.3.1/thumb/v7-m/nofp/crtbegin.o
                [!provide]                        PROVIDE (__fini_array_end = .)
                0x0000000008002750                . = ALIGN (0x4)
                0x0000000008002750                _sidata = LOADADDR (.data)

.data           0x0000000020000000       0x2c load address 0x0000000008002750
                0x0000000020000000                . = ALIGN (0x4)
                0x0000000020000000                _sdata = .
 *(.data)
 *(.data*)
 .data.mark_SEG
                0x0000000020000000        0x4 ./Core/Src/fsm_automatic.o
                0x0000000020000000                mark_SEG
 .data.duration_half
                0x0000000020000004        0x4 ./Core/Src/fsm_automatic.o
                0x0000000020000004                duration_half
 .data.duration_1s
                0x0000000020000008        0x4 ./Core/Src/fsm_automatic.o
                0x0000000020000008                duration_1s
 .data.green_duration
                0x000000002000000c        0x4 ./Core/Src/fsm_automatic.o
                0x000000002000000c                green_duration
 .data.yellow_duration
                0x0000000020000010        0x4 ./Core/Src/fsm_automatic.o
                0x0000000020000010                yellow_duration
 .data.red_duration
                0x0000000020000014        0x4 ./Core/Src/fsm_automatic.o
                0x0000000020000014                red_duration
 .data.duration
                0x0000000020000018        0x4 ./Core/Src/software_timer.o
                0x0000000020000018                duration
 .data.seg_flag
                0x000000002000001c        0x4 ./Core/Src/software_timer.o
                0x000000002000001c                seg_flag
 .data.SystemCoreClock
                0x0000000020000020        0x4 ./Core/Src/system_stm32f1xx.o
                0x0000000020000020                SystemCoreClock
 .data.uwTickPrio
                0x0000000020000024        0x4 ./Drivers/STM32F1xx_HAL_Driver/Src/stm32f1xx_hal.o
                0x0000000020000024                uwTickPrio
 .data.uwTickFreq
                0x0000000020000028        0x1 ./Drivers/STM32F1xx_HAL_Driver/Src/stm32f1xx_hal.o
                0x0000000020000028                uwTickFreq
 *(.RamFunc)
 *(.RamFunc*)
                0x000000002000002c                . = ALIGN (0x4)
 *fill*         0x0000000020000029        0x3 
                0x000000002000002c                _edata = .

.igot.plt       0x000000002000002c        0x0 load address 0x000000000800277c
 .igot.plt      0x000000002000002c        0x0 c:/st/stm32cubeide_1.7.0/stm32cubeide/plugins/com.st.stm32cube.ide.mcu.externaltools.gnu-tools-for-stm32.9-2020-q2-update.win32_2.0.0.202105311346/tools/bin/../lib/gcc/arm-none-eabi/9.3.1/thumb/v7-m/nofp/crtbegin.o
                0x000000002000002c                . = ALIGN (0x4)

.bss            0x000000002000002c       0xd8 load address 0x000000000800277c
                0x000000002000002c                _sbss = .
                0x000000002000002c                __bss_start__ = _sbss
 *(.bss)
 .bss           0x000000002000002c       0x1c c:/st/stm32cubeide_1.7.0/stm32cubeide/plugins/com.st.stm32cube.ide.mcu.externaltools.gnu-tools-for-stm32.9-2020-q2-update.win32_2.0.0.202105311346/tools/bin/../lib/gcc/arm-none-eabi/9.3.1/thumb/v7-m/nofp/crtbegin.o
 *(.bss*)
 .bss.status    0x0000000020000048        0x4 ./Core/Src/fsm_automatic.o
                0x0000000020000048                status
 .bss.SEG_buffer
                0x000000002000004c       0x10 ./Core/Src/fsm_automatic.o
                0x000000002000004c                SEG_buffer
 .bss.counter_green
                0x000000002000005c        0x4 ./Core/Src/fsm_automatic.o
                0x000000002000005c                counter_green
 .bss.counter_yellow
                0x0000000020000060        0x4 ./Core/Src/fsm_automatic.o
                0x0000000020000060                counter_yellow
 .bss.counter_red
                0x0000000020000064        0x4 ./Core/Src/fsm_automatic.o
                0x0000000020000064                counter_red
 .bss.count_mode
                0x0000000020000068        0x4 ./Core/Src/fsm_automatic.o
                0x0000000020000068                count_mode
 .bss.markLongPress
                0x000000002000006c        0x4 ./Core/Src/fsm_manual.o
                0x000000002000006c                markLongPress
 .bss.markLongINC
                0x0000000020000070        0x4 ./Core/Src/fsm_manual.o
                0x0000000020000070                markLongINC
 .bss.buttonBuffer
                0x0000000020000074        0x3 ./Core/Src/input_reading.o
 *fill*         0x0000000020000077        0x1 
 .bss.debounceButtonBuffer1
                0x0000000020000078        0x3 ./Core/Src/input_reading.o
 *fill*         0x000000002000007b        0x1 
 .bss.debounceButtonBuffer2
                0x000000002000007c        0x3 ./Core/Src/input_reading.o
 *fill*         0x000000002000007f        0x1 
 .bss.debounceButtonBuffer3
                0x0000000020000080        0x3 ./Core/Src/input_reading.o
 *fill*         0x0000000020000083        0x1 
 .bss.timer_flag
                0x0000000020000084        0x4 ./Core/Src/software_timer.o
                0x0000000020000084                timer_flag
 .bss.timer_counter
                0x0000000020000088        0x4 ./Core/Src/software_timer.o
                0x0000000020000088                timer_counter
 .bss.seg_counter
                0x000000002000008c        0x4 ./Core/Src/software_timer.o
                0x000000002000008c                seg_counter
 .bss.longPressFlag
                0x0000000020000090        0x4 ./Core/Src/software_timer.o
                0x0000000020000090                longPressFlag
 .bss.longPressCounter
                0x0000000020000094        0x4 ./Core/Src/software_timer.o
                0x0000000020000094                longPressCounter
 .bss.blink2s_flag
                0x0000000020000098        0x4 ./Core/Src/software_timer.o
                0x0000000020000098                blink2s_flag
 .bss.blink2s_counter
                0x000000002000009c        0x4 ./Core/Src/software_timer.o
                0x000000002000009c                blink2s_counter
 *(COMMON)
 COMMON         0x00000000200000a0       0x16 ./Core/Src/input_reading.o
                0x00000000200000a0                flagForButtonPress3s
                0x00000000200000a4                button_flag
                0x00000000200000b0                counterForButtonPress3s
 *fill*         0x00000000200000b6        0x2 
 COMMON         0x00000000200000b8       0x48 ./Core/Src/main.o
                0x00000000200000b8                htim2
 COMMON         0x0000000020000100        0x4 ./Drivers/STM32F1xx_HAL_Driver/Src/stm32f1xx_hal.o
                0x0000000020000100                uwTick
                0x0000000020000104                . = ALIGN (0x4)
                0x0000000020000104                _ebss = .
                0x0000000020000104                __bss_end__ = _ebss

._user_heap_stack
                0x0000000020000104      0x604 load address 0x000000000800277c
                0x0000000020000108                . = ALIGN (0x8)
 *fill*         0x0000000020000104        0x4 
                [!provide]                        PROVIDE (end = .)
                0x0000000020000108                PROVIDE (_end = .)
                0x0000000020000308                . = (. + _Min_Heap_Size)
 *fill*         0x0000000020000108      0x200 
                0x0000000020000708                . = (. + _Min_Stack_Size)
 *fill*         0x0000000020000308      0x400 
                0x0000000020000708                . = ALIGN (0x8)

/DISCARD/
 libc.a(*)
 libm.a(*)
 libgcc.a(*)

.ARM.attributes
                0x0000000000000000       0x29
 *(.ARM.attributes)
 .ARM.attributes
                0x0000000000000000       0x1d c:/st/stm32cubeide_1.7.0/stm32cubeide/plugins/com.st.stm32cube.ide.mcu.externaltools.gnu-tools-for-stm32.9-2020-q2-update.win32_2.0.0.202105311346/tools/bin/../lib/gcc/arm-none-eabi/9.3.1/thumb/v7-m/nofp/crti.o
 .ARM.attributes
                0x000000000000001d       0x2d c:/st/stm32cubeide_1.7.0/stm32cubeide/plugins/com.st.stm32cube.ide.mcu.externaltools.gnu-tools-for-stm32.9-2020-q2-update.win32_2.0.0.202105311346/tools/bin/../lib/gcc/arm-none-eabi/9.3.1/thumb/v7-m/nofp/crtbegin.o
 .ARM.attributes
                0x000000000000004a       0x2d ./Core/Src/fsm_automatic.o
 .ARM.attributes
                0x0000000000000077       0x2d ./Core/Src/fsm_manual.o
 .ARM.attributes
                0x00000000000000a4       0x2d ./Core/Src/input_reading.o
 .ARM.attributes
                0x00000000000000d1       0x2d ./Core/Src/led_segment.o
 .ARM.attributes
                0x00000000000000fe       0x2d ./Core/Src/main.o
 .ARM.attributes
                0x000000000000012b       0x2d ./Core/Src/software_timer.o
 .ARM.attributes
                0x0000000000000158       0x2d ./Core/Src/stm32f1xx_hal_msp.o
 .ARM.attributes
                0x0000000000000185       0x2d ./Core/Src/stm32f1xx_it.o
 .ARM.attributes
                0x00000000000001b2       0x2d ./Core/Src/system_stm32f1xx.o
 .ARM.attributes
                0x00000000000001df       0x21 ./Core/Startup/startup_stm32f103c6ux.o
 .ARM.attributes
                0x0000000000000200       0x2d ./Drivers/STM32F1xx_HAL_Driver/Src/stm32f1xx_hal.o
 .ARM.attributes
                0x000000000000022d       0x2d ./Drivers/STM32F1xx_HAL_Driver/Src/stm32f1xx_hal_cortex.o
 .ARM.attributes
                0x000000000000025a       0x2d ./Drivers/STM32F1xx_HAL_Driver/Src/stm32f1xx_hal_gpio.o
 .ARM.attributes
                0x0000000000000287       0x2d ./Drivers/STM32F1xx_HAL_Driver/Src/stm32f1xx_hal_rcc.o
 .ARM.attributes
                0x00000000000002b4       0x2d ./Drivers/STM32F1xx_HAL_Driver/Src/stm32f1xx_hal_tim.o
 .ARM.attributes
                0x00000000000002e1       0x2d ./Drivers/STM32F1xx_HAL_Driver/Src/stm32f1xx_hal_tim_ex.o
 .ARM.attributes
                0x000000000000030e       0x2d c:/st/stm32cubeide_1.7.0/stm32cubeide/plugins/com.st.stm32cube.ide.mcu.externaltools.gnu-tools-for-stm32.9-2020-q2-update.win32_2.0.0.202105311346/tools/bin/../lib/gcc/arm-none-eabi/9.3.1/../../../../arm-none-eabi/lib/thumb/v7-m/nofp\libc_nano.a(lib_a-init.o)
 .ARM.attributes
                0x000000000000033b       0x2d c:/st/stm32cubeide_1.7.0/stm32cubeide/plugins/com.st.stm32cube.ide.mcu.externaltools.gnu-tools-for-stm32.9-2020-q2-update.win32_2.0.0.202105311346/tools/bin/../lib/gcc/arm-none-eabi/9.3.1/../../../../arm-none-eabi/lib/thumb/v7-m/nofp\libc_nano.a(lib_a-memset.o)
 .ARM.attributes
                0x0000000000000368       0x1d c:/st/stm32cubeide_1.7.0/stm32cubeide/plugins/com.st.stm32cube.ide.mcu.externaltools.gnu-tools-for-stm32.9-2020-q2-update.win32_2.0.0.202105311346/tools/bin/../lib/gcc/arm-none-eabi/9.3.1/thumb/v7-m/nofp/crtn.o
OUTPUT(LAB_3_first.elf elf32-littlearm)
LOAD linker stubs
LOAD c:/st/stm32cubeide_1.7.0/stm32cubeide/plugins/com.st.stm32cube.ide.mcu.externaltools.gnu-tools-for-stm32.9-2020-q2-update.win32_2.0.0.202105311346/tools/bin/../lib/gcc/arm-none-eabi/9.3.1/../../../../arm-none-eabi/lib/thumb/v7-m/nofp\libc.a
LOAD c:/st/stm32cubeide_1.7.0/stm32cubeide/plugins/com.st.stm32cube.ide.mcu.externaltools.gnu-tools-for-stm32.9-2020-q2-update.win32_2.0.0.202105311346/tools/bin/../lib/gcc/arm-none-eabi/9.3.1/../../../../arm-none-eabi/lib/thumb/v7-m/nofp\libm.a
LOAD c:/st/stm32cubeide_1.7.0/stm32cubeide/plugins/com.st.stm32cube.ide.mcu.externaltools.gnu-tools-for-stm32.9-2020-q2-update.win32_2.0.0.202105311346/tools/bin/../lib/gcc/arm-none-eabi/9.3.1/thumb/v7-m/nofp\libgcc.a

.debug_info     0x0000000000000000     0x94b0
 .debug_info    0x0000000000000000      0x499 ./Core/Src/fsm_automatic.o
 .debug_info    0x0000000000000499      0x4af ./Core/Src/fsm_manual.o
 .debug_info    0x0000000000000948      0x3b4 ./Core/Src/input_reading.o
 .debug_info    0x0000000000000cfc      0x2f2 ./Core/Src/led_segment.o
 .debug_info    0x0000000000000fee      0xcbc ./Core/Src/main.o
 .debug_info    0x0000000000001caa      0x1bb ./Core/Src/software_timer.o
 .debug_info    0x0000000000001e65      0xa04 ./Core/Src/stm32f1xx_hal_msp.o
 .debug_info    0x0000000000002869      0x7b4 ./Core/Src/stm32f1xx_it.o
 .debug_info    0x000000000000301d      0x2be ./Core/Src/system_stm32f1xx.o
 .debug_info    0x00000000000032db       0x22 ./Core/Startup/startup_stm32f103c6ux.o
 .debug_info    0x00000000000032fd      0x74c ./Drivers/STM32F1xx_HAL_Driver/Src/stm32f1xx_hal.o
 .debug_info    0x0000000000003a49      0xbbe ./Drivers/STM32F1xx_HAL_Driver/Src/stm32f1xx_hal_cortex.o
 .debug_info    0x0000000000004607      0x701 ./Drivers/STM32F1xx_HAL_Driver/Src/stm32f1xx_hal_gpio.o
 .debug_info    0x0000000000004d08      0x88e ./Drivers/STM32F1xx_HAL_Driver/Src/stm32f1xx_hal_rcc.o
 .debug_info    0x0000000000005596     0x2a45 ./Drivers/STM32F1xx_HAL_Driver/Src/stm32f1xx_hal_tim.o
 .debug_info    0x0000000000007fdb     0x14d5 ./Drivers/STM32F1xx_HAL_Driver/Src/stm32f1xx_hal_tim_ex.o

.debug_abbrev   0x0000000000000000     0x1b61
 .debug_abbrev  0x0000000000000000      0x171 ./Core/Src/fsm_automatic.o
 .debug_abbrev  0x0000000000000171      0x15e ./Core/Src/fsm_manual.o
 .debug_abbrev  0x00000000000002cf      0x1a3 ./Core/Src/input_reading.o
 .debug_abbrev  0x0000000000000472      0x161 ./Core/Src/led_segment.o
 .debug_abbrev  0x00000000000005d3      0x22c ./Core/Src/main.o
 .debug_abbrev  0x00000000000007ff       0xb6 ./Core/Src/software_timer.o
 .debug_abbrev  0x00000000000008b5      0x1b7 ./Core/Src/stm32f1xx_hal_msp.o
 .debug_abbrev  0x0000000000000a6c      0x176 ./Core/Src/stm32f1xx_it.o
 .debug_abbrev  0x0000000000000be2      0x14e ./Core/Src/system_stm32f1xx.o
 .debug_abbrev  0x0000000000000d30       0x12 ./Core/Startup/startup_stm32f103c6ux.o
 .debug_abbrev  0x0000000000000d42      0x1ed ./Drivers/STM32F1xx_HAL_Driver/Src/stm32f1xx_hal.o
 .debug_abbrev  0x0000000000000f2f      0x313 ./Drivers/STM32F1xx_HAL_Driver/Src/stm32f1xx_hal_cortex.o
 .debug_abbrev  0x0000000000001242      0x1e8 ./Drivers/STM32F1xx_HAL_Driver/Src/stm32f1xx_hal_gpio.o
 .debug_abbrev  0x000000000000142a      0x273 ./Drivers/STM32F1xx_HAL_Driver/Src/stm32f1xx_hal_rcc.o
 .debug_abbrev  0x000000000000169d      0x25e ./Drivers/STM32F1xx_HAL_Driver/Src/stm32f1xx_hal_tim.o
 .debug_abbrev  0x00000000000018fb      0x266 ./Drivers/STM32F1xx_HAL_Driver/Src/stm32f1xx_hal_tim_ex.o

.debug_aranges  0x0000000000000000      0xa40
 .debug_aranges
                0x0000000000000000       0x30 ./Core/Src/fsm_automatic.o
 .debug_aranges
                0x0000000000000030       0x38 ./Core/Src/fsm_manual.o
 .debug_aranges
                0x0000000000000068       0x38 ./Core/Src/input_reading.o
 .debug_aranges
                0x00000000000000a0       0x30 ./Core/Src/led_segment.o
 .debug_aranges
                0x00000000000000d0       0x48 ./Core/Src/main.o
 .debug_aranges
                0x0000000000000118       0x40 ./Core/Src/software_timer.o
 .debug_aranges
                0x0000000000000158       0x30 ./Core/Src/stm32f1xx_hal_msp.o
 .debug_aranges
                0x0000000000000188       0x68 ./Core/Src/stm32f1xx_it.o
 .debug_aranges
                0x00000000000001f0       0x28 ./Core/Src/system_stm32f1xx.o
 .debug_aranges
                0x0000000000000218       0x28 ./Core/Startup/startup_stm32f103c6ux.o
 .debug_aranges
                0x0000000000000240       0xe0 ./Drivers/STM32F1xx_HAL_Driver/Src/stm32f1xx_hal.o
 .debug_aranges
                0x0000000000000320      0x100 ./Drivers/STM32F1xx_HAL_Driver/Src/stm32f1xx_hal_cortex.o
 .debug_aranges
                0x0000000000000420       0x58 ./Drivers/STM32F1xx_HAL_Driver/Src/stm32f1xx_hal_gpio.o
 .debug_aranges
                0x0000000000000478       0x90 ./Drivers/STM32F1xx_HAL_Driver/Src/stm32f1xx_hal_rcc.o
 .debug_aranges
                0x0000000000000508      0x3d0 ./Drivers/STM32F1xx_HAL_Driver/Src/stm32f1xx_hal_tim.o
 .debug_aranges
                0x00000000000008d8      0x168 ./Drivers/STM32F1xx_HAL_Driver/Src/stm32f1xx_hal_tim_ex.o

.debug_ranges   0x0000000000000000      0x948
 .debug_ranges  0x0000000000000000       0x20 ./Core/Src/fsm_automatic.o
 .debug_ranges  0x0000000000000020       0x28 ./Core/Src/fsm_manual.o
 .debug_ranges  0x0000000000000048       0x28 ./Core/Src/input_reading.o
 .debug_ranges  0x0000000000000070       0x20 ./Core/Src/led_segment.o
 .debug_ranges  0x0000000000000090       0x38 ./Core/Src/main.o
 .debug_ranges  0x00000000000000c8       0x30 ./Core/Src/software_timer.o
 .debug_ranges  0x00000000000000f8       0x20 ./Core/Src/stm32f1xx_hal_msp.o
 .debug_ranges  0x0000000000000118       0x58 ./Core/Src/stm32f1xx_it.o
 .debug_ranges  0x0000000000000170       0x18 ./Core/Src/system_stm32f1xx.o
 .debug_ranges  0x0000000000000188       0x20 ./Core/Startup/startup_stm32f103c6ux.o
 .debug_ranges  0x00000000000001a8       0xd0 ./Drivers/STM32F1xx_HAL_Driver/Src/stm32f1xx_hal.o
 .debug_ranges  0x0000000000000278       0xf0 ./Drivers/STM32F1xx_HAL_Driver/Src/stm32f1xx_hal_cortex.o
 .debug_ranges  0x0000000000000368       0x48 ./Drivers/STM32F1xx_HAL_Driver/Src/stm32f1xx_hal_gpio.o
 .debug_ranges  0x00000000000003b0       0x80 ./Drivers/STM32F1xx_HAL_Driver/Src/stm32f1xx_hal_rcc.o
 .debug_ranges  0x0000000000000430      0x3c0 ./Drivers/STM32F1xx_HAL_Driver/Src/stm32f1xx_hal_tim.o
 .debug_ranges  0x00000000000007f0      0x158 ./Drivers/STM32F1xx_HAL_Driver/Src/stm32f1xx_hal_tim_ex.o

.debug_macro    0x0000000000000000    0x16b1c
 .debug_macro   0x0000000000000000      0x1fd ./Core/Src/fsm_automatic.o
 .debug_macro   0x00000000000001fd      0xa9c ./Core/Src/fsm_automatic.o
 .debug_macro   0x0000000000000c99      0x215 ./Core/Src/fsm_automatic.o
 .debug_macro   0x0000000000000eae       0x2e ./Core/Src/fsm_automatic.o
 .debug_macro   0x0000000000000edc       0x22 ./Core/Src/fsm_automatic.o
 .debug_macro   0x0000000000000efe       0x22 ./Core/Src/fsm_automatic.o
 .debug_macro   0x0000000000000f20       0x8e ./Core/Src/fsm_automatic.o
 .debug_macro   0x0000000000000fae       0x51 ./Core/Src/fsm_automatic.o
 .debug_macro   0x0000000000000fff      0x103 ./Core/Src/fsm_automatic.o
 .debug_macro   0x0000000000001102       0x6a ./Core/Src/fsm_automatic.o
 .debug_macro   0x000000000000116c      0x1df ./Core/Src/fsm_automatic.o
 .debug_macro   0x000000000000134b       0x1c ./Core/Src/fsm_automatic.o
 .debug_macro   0x0000000000001367       0x22 ./Core/Src/fsm_automatic.o
 .debug_macro   0x0000000000001389       0xc3 ./Core/Src/fsm_automatic.o
 .debug_macro   0x000000000000144c      0xd23 ./Core/Src/fsm_automatic.o
 .debug_macro   0x000000000000216f     0xde75 ./Core/Src/fsm_automatic.o
 .debug_macro   0x000000000000ffe4       0x6d ./Core/Src/fsm_automatic.o
 .debug_macro   0x0000000000010051     0x3468 ./Core/Src/fsm_automatic.o
 .debug_macro   0x00000000000134b9      0x174 ./Core/Src/fsm_automatic.o
 .debug_macro   0x000000000001362d       0x5c ./Core/Src/fsm_automatic.o
 .debug_macro   0x0000000000013689      0x5be ./Core/Src/fsm_automatic.o
 .debug_macro   0x0000000000013c47      0x1b7 ./Core/Src/fsm_automatic.o
 .debug_macro   0x0000000000013dfe      0x1cb ./Core/Src/fsm_automatic.o
 .debug_macro   0x0000000000013fc9      0x114 ./Core/Src/fsm_automatic.o
 .debug_macro   0x00000000000140dd      0x1b2 ./Core/Src/fsm_automatic.o
 .debug_macro   0x000000000001428f       0x27 ./Core/Src/fsm_automatic.o
 .debug_macro   0x00000000000142b6      0x12f ./Core/Src/fsm_automatic.o
 .debug_macro   0x00000000000143e5      0x1bc ./Core/Src/fsm_automatic.o
 .debug_macro   0x00000000000145a1       0x34 ./Core/Src/fsm_automatic.o
 .debug_macro   0x00000000000145d5       0x3c ./Core/Src/fsm_automatic.o
 .debug_macro   0x0000000000014611       0x57 ./Core/Src/fsm_automatic.o
 .debug_macro   0x0000000000014668       0x88 ./Core/Src/fsm_automatic.o
 .debug_macro   0x00000000000146f0      0x183 ./Core/Src/fsm_automatic.o
 .debug_macro   0x0000000000014873      0x141 ./Core/Src/fsm_automatic.o
 .debug_macro   0x00000000000149b4      0x8d1 ./Core/Src/fsm_automatic.o
 .debug_macro   0x0000000000015285       0x69 ./Core/Src/fsm_automatic.o
 .debug_macro   0x00000000000152ee      0x148 ./Core/Src/fsm_automatic.o
 .debug_macro   0x0000000000015436       0x22 ./Core/Src/fsm_automatic.o
 .debug_macro   0x0000000000015458       0x34 ./Core/Src/fsm_automatic.o
 .debug_macro   0x000000000001548c      0x1e9 ./Core/Src/fsm_manual.o
 .debug_macro   0x0000000000015675      0x1b0 ./Core/Src/input_reading.o
 .debug_macro   0x0000000000015825      0x1b1 ./Core/Src/led_segment.o
 .debug_macro   0x00000000000159d6      0x209 ./Core/Src/main.o
 .debug_macro   0x0000000000015bdf       0x1b ./Core/Src/software_timer.o
 .debug_macro   0x0000000000015bfa      0x1a7 ./Core/Src/stm32f1xx_hal_msp.o
 .debug_macro   0x0000000000015da1      0x1b1 ./Core/Src/stm32f1xx_it.o
 .debug_macro   0x0000000000015f52      0x198 ./Core/Src/system_stm32f1xx.o
 .debug_macro   0x00000000000160ea      0x1bc ./Drivers/STM32F1xx_HAL_Driver/Src/stm32f1xx_hal.o
 .debug_macro   0x00000000000162a6      0x198 ./Drivers/STM32F1xx_HAL_Driver/Src/stm32f1xx_hal_cortex.o
 .debug_macro   0x000000000001643e      0x203 ./Drivers/STM32F1xx_HAL_Driver/Src/stm32f1xx_hal_gpio.o
 .debug_macro   0x0000000000016641      0x1aa ./Drivers/STM32F1xx_HAL_Driver/Src/stm32f1xx_hal_rcc.o
 .debug_macro   0x00000000000167eb      0x199 ./Drivers/STM32F1xx_HAL_Driver/Src/stm32f1xx_hal_tim.o
 .debug_macro   0x0000000000016984      0x198 ./Drivers/STM32F1xx_HAL_Driver/Src/stm32f1xx_hal_tim_ex.o

.debug_line     0x0000000000000000     0xb2ef
 .debug_line    0x0000000000000000      0x81b ./Core/Src/fsm_automatic.o
 .debug_line    0x000000000000081b      0x88a ./Core/Src/fsm_manual.o
 .debug_line    0x00000000000010a5      0x7a9 ./Core/Src/input_reading.o
 .debug_line    0x000000000000184e      0x720 ./Core/Src/led_segment.o
 .debug_line    0x0000000000001f6e      0x7eb ./Core/Src/main.o
 .debug_line    0x0000000000002759      0x121 ./Core/Src/software_timer.o
 .debug_line    0x000000000000287a      0x6a1 ./Core/Src/stm32f1xx_hal_msp.o
 .debug_line    0x0000000000002f1b      0x73f ./Core/Src/stm32f1xx_it.o
 .debug_line    0x000000000000365a      0x6e3 ./Core/Src/system_stm32f1xx.o
 .debug_line    0x0000000000003d3d       0x87 ./Core/Startup/startup_stm32f103c6ux.o
 .debug_line    0x0000000000003dc4      0x910 ./Drivers/STM32F1xx_HAL_Driver/Src/stm32f1xx_hal.o
 .debug_line    0x00000000000046d4      0xaf8 ./Drivers/STM32F1xx_HAL_Driver/Src/stm32f1xx_hal_cortex.o
 .debug_line    0x00000000000051cc      0x991 ./Drivers/STM32F1xx_HAL_Driver/Src/stm32f1xx_hal_gpio.o
 .debug_line    0x0000000000005b5d      0xd1e ./Drivers/STM32F1xx_HAL_Driver/Src/stm32f1xx_hal_rcc.o
 .debug_line    0x000000000000687b     0x326e ./Drivers/STM32F1xx_HAL_Driver/Src/stm32f1xx_hal_tim.o
 .debug_line    0x0000000000009ae9     0x1806 ./Drivers/STM32F1xx_HAL_Driver/Src/stm32f1xx_hal_tim_ex.o

.debug_str      0x0000000000000000    0x8236e
 .debug_str     0x0000000000000000    0x7f83a ./Core/Src/fsm_automatic.o
                                      0x7fb92 (size before relaxing)
 .debug_str     0x000000000007f83a       0x6a ./Core/Src/fsm_manual.o
                                      0x7fb8d (size before relaxing)
 .debug_str     0x000000000007f8a4       0xc7 ./Core/Src/input_reading.o
                                      0x7fa72 (size before relaxing)
 .debug_str     0x000000000007f96b       0x5c ./Core/Src/led_segment.o
                                      0x7f94a (size before relaxing)
 .debug_str     0x000000000007f9c7      0x6df ./Core/Src/main.o
                                      0x802c2 (size before relaxing)
 .debug_str     0x00000000000800a6       0x94 ./Core/Src/software_timer.o
                                       0x2e4f (size before relaxing)
 .debug_str     0x000000000008013a      0x2ba ./Core/Src/stm32f1xx_hal_msp.o
                                      0x800c8 (size before relaxing)
 .debug_str     0x00000000000803f4       0xcd ./Core/Src/stm32f1xx_it.o
                                      0x7fe2a (size before relaxing)
 .debug_str     0x00000000000804c1       0x52 ./Core/Src/system_stm32f1xx.o
                                      0x7f507 (size before relaxing)
 .debug_str     0x0000000000080513       0x36 ./Core/Startup/startup_stm32f103c6ux.o
                                         0x72 (size before relaxing)
 .debug_str     0x0000000000080549      0x304 ./Drivers/STM32F1xx_HAL_Driver/Src/stm32f1xx_hal.o
                                      0x7fb5e (size before relaxing)
 .debug_str     0x000000000008084d      0x300 ./Drivers/STM32F1xx_HAL_Driver/Src/stm32f1xx_hal_cortex.o
                                      0x7fb66 (size before relaxing)
 .debug_str     0x0000000000080b4d      0x316 ./Drivers/STM32F1xx_HAL_Driver/Src/stm32f1xx_hal_gpio.o
                                      0x7f8cb (size before relaxing)
 .debug_str     0x0000000000080e63      0x24f ./Drivers/STM32F1xx_HAL_Driver/Src/stm32f1xx_hal_rcc.o
                                      0x7f904 (size before relaxing)
 .debug_str     0x00000000000810b2      0xdce ./Drivers/STM32F1xx_HAL_Driver/Src/stm32f1xx_hal_tim.o
                                      0x808d6 (size before relaxing)
 .debug_str     0x0000000000081e80      0x4ee ./Drivers/STM32F1xx_HAL_Driver/Src/stm32f1xx_hal_tim_ex.o
                                      0x80087 (size before relaxing)

.comment        0x0000000000000000       0x53
 .comment       0x0000000000000000       0x53 ./Core/Src/fsm_automatic.o
                                         0x54 (size before relaxing)
 .comment       0x0000000000000053       0x54 ./Core/Src/fsm_manual.o
 .comment       0x0000000000000053       0x54 ./Core/Src/input_reading.o
 .comment       0x0000000000000053       0x54 ./Core/Src/led_segment.o
 .comment       0x0000000000000053       0x54 ./Core/Src/main.o
 .comment       0x0000000000000053       0x54 ./Core/Src/software_timer.o
 .comment       0x0000000000000053       0x54 ./Core/Src/stm32f1xx_hal_msp.o
 .comment       0x0000000000000053       0x54 ./Core/Src/stm32f1xx_it.o
 .comment       0x0000000000000053       0x54 ./Core/Src/system_stm32f1xx.o
 .comment       0x0000000000000053       0x54 ./Drivers/STM32F1xx_HAL_Driver/Src/stm32f1xx_hal.o
 .comment       0x0000000000000053       0x54 ./Drivers/STM32F1xx_HAL_Driver/Src/stm32f1xx_hal_cortex.o
 .comment       0x0000000000000053       0x54 ./Drivers/STM32F1xx_HAL_Driver/Src/stm32f1xx_hal_gpio.o
 .comment       0x0000000000000053       0x54 ./Drivers/STM32F1xx_HAL_Driver/Src/stm32f1xx_hal_rcc.o
 .comment       0x0000000000000053       0x54 ./Drivers/STM32F1xx_HAL_Driver/Src/stm32f1xx_hal_tim.o
 .comment       0x0000000000000053       0x54 ./Drivers/STM32F1xx_HAL_Driver/Src/stm32f1xx_hal_tim_ex.o

.debug_frame    0x0000000000000000     0x28e0
 .debug_frame   0x0000000000000000       0x78 ./Core/Src/fsm_automatic.o
 .debug_frame   0x0000000000000078       0xa0 ./Core/Src/fsm_manual.o
 .debug_frame   0x0000000000000118       0xb0 ./Core/Src/input_reading.o
 .debug_frame   0x00000000000001c8       0x7c ./Core/Src/led_segment.o
 .debug_frame   0x0000000000000244       0xd4 ./Core/Src/main.o
 .debug_frame   0x0000000000000318       0xd0 ./Core/Src/software_timer.o
 .debug_frame   0x00000000000003e8       0x80 ./Core/Src/stm32f1xx_hal_msp.o
 .debug_frame   0x0000000000000468      0x120 ./Core/Src/stm32f1xx_it.o
 .debug_frame   0x0000000000000588       0x58 ./Core/Src/system_stm32f1xx.o
 .debug_frame   0x00000000000005e0      0x334 ./Drivers/STM32F1xx_HAL_Driver/Src/stm32f1xx_hal.o
 .debug_frame   0x0000000000000914      0x428 ./Drivers/STM32F1xx_HAL_Driver/Src/stm32f1xx_hal_cortex.o
 .debug_frame   0x0000000000000d3c      0x14c ./Drivers/STM32F1xx_HAL_Driver/Src/stm32f1xx_hal_gpio.o
 .debug_frame   0x0000000000000e88      0x21c ./Drivers/STM32F1xx_HAL_Driver/Src/stm32f1xx_hal_rcc.o
 .debug_frame   0x00000000000010a4     0x11b8 ./Drivers/STM32F1xx_HAL_Driver/Src/stm32f1xx_hal_tim.o
 .debug_frame   0x000000000000225c      0x638 ./Drivers/STM32F1xx_HAL_Driver/Src/stm32f1xx_hal_tim_ex.o
 .debug_frame   0x0000000000002894       0x2c c:/st/stm32cubeide_1.7.0/stm32cubeide/plugins/com.st.stm32cube.ide.mcu.externaltools.gnu-tools-for-stm32.9-2020-q2-update.win32_2.0.0.202105311346/tools/bin/../lib/gcc/arm-none-eabi/9.3.1/../../../../arm-none-eabi/lib/thumb/v7-m/nofp\libc_nano.a(lib_a-init.o)
 .debug_frame   0x00000000000028c0       0x20 c:/st/stm32cubeide_1.7.0/stm32cubeide/plugins/com.st.stm32cube.ide.mcu.externaltools.gnu-tools-for-stm32.9-2020-q2-update.win32_2.0.0.202105311346/tools/bin/../lib/gcc/arm-none-eabi/9.3.1/../../../../arm-none-eabi/lib/thumb/v7-m/nofp\libc_nano.a(lib_a-memset.o)
